[mobirise.com/extensions/depotamp/furniturestore.html]
[mobirise.com/extensions/depotamp/assets/images/logo1.png]
[backblue.gif]
[fade.gif]
[index.html]
[mobirise.com/extensions/depotamp/assets/images/background1.jpg]
[mobirise.com/extensions/depotamp/assets/images/background355.jpg]
[mobirise.com/extensions/depotamp/assets/images/background5.jpg]
[mobirise.com/extensions/depotamp/assets/images/background2.jpg]
[cdn.ampproject.org/v0.js]
[cdn.ampproject.org/v0/amp-sidebar-0.1.js]
[cdn.ampproject.org/v0/amp-mustache-0.2.js]
[cdn.ampproject.org/v0/amp-form-0.1.js]
[cdn.ampproject.org/v0/amp-lightbox-0.1.js]
[cdn.ampproject.org/v0/amp-bind-0.1.js]
[cdn.ampproject.org/v0/amp-youtube-0.1.js]
[cdn.ampproject.org/v0/amp-lightbox-gallery-0.1.js]
[cdn.ampproject.org/v0/amp-analytics-0.1.js]
[mobirise.com/extensions/depotamp/bookstore.html]
[mobirise.com/extensions/depotamp/fabricstore.html]
[mobirise.com/extensions/depotamp/features.html]
[mobirise.com/extensions/depotamp/gallery.html]
[mobirise.com/extensions/depotamp/shops.html]
[mobirise.com/extensions/depotamp/pricing.html]
[mobirise.com/extensions/depotamp/clients.html]
[mobirise.com/extensions/depotamp/forms.html]
[mobirise.com/extensions/depotamp/socials.html]
[mobirise.com/extensions/depotamp/footers.html]
[mobirise.com/extensions/depotamp/assets/images/0156.jpg]
[mobirise.com/extensions/depotamp/assets/images/0257.jpg]
[mobirise.com/extensions/depotamp/assets/images/0358.jpg]
[mobirise.com/extensions/depotamp/assets/images/159.png]
[mobirise.com/extensions/depotamp/assets/images/260.png]
[mobirise.com/extensions/depotamp/assets/images/361.png]
[mobirise.com/extensions/depotamp/assets/images/462.png]
[mobirise.com/extensions/depotamp/assets/images/563.png]
[mobirise.com/extensions/depotamp/assets/images/0164.jpg]
[mobirise.com/extensions/depotamp/assets/images/0265.jpg]
[mobirise.com/extensions/depotamp/assets/images/0366.jpg]
[mobirise.com/extensions/depotamp/assets/images/0167.svg]
[mobirise.com/extensions/depotamp/assets/images/0268.svg]
[mobirise.com/extensions/depotamp/assets/images/0369.svg]
[mobirise.com/extensions/depotamp/assets/images/0470.svg]
[mobirise.com/extensions/depotamp/furniturestore.html]
[mobirise.com/extensions/depotamp/index.html]
[mobirise.com/extensions/depotamp/assets/images/0571.svg]
[mobirise.com/extensions/depotamp/assets/images/mbr-1920x1080.jpg]
[mobirise.com/extensions/depotamp/assets/images/mbr-1920x1276.jpg]
[mobirise.com/extensions/depotamp/assets/images/mbr-1920x1279.jpg]
[cdn.ampproject.org/v0/amp-iframe-0.1.js]
[mobirise.com/extensions/depotamp/assets/images/mbr-2-872x581.jpg]
[mobirise.com/extensions/depotamp/assets/images/mbr-872x582.jpg]
[mobirise.com/extensions/depotamp/assets/images/mbr-872x581.jpg]
[mobirise.com/extensions/depotamp/assets/images/mbr-1-872x582.jpg]
[mobirise.com/extensions/depotamp/assets/images/face172.jpg]
[mobirise.com/extensions/depotamp/assets/images/face273.jpg]
[mobirise.com/extensions/depotamp/assets/images/face374.jpg]
[mobirise.com/extensions/depotamp/assets/images/mbr-1-872x654.jpg]
[mobirise.com/extensions/depotamp/assets/images/0676.svg]
[mobirise.com/extensions/depotamp/assets/images/0777.svg]
[mobirise.com/extensions/depotamp/assets/images/0878.svg]
[mobirise.com/extensions/depotamp/assets/images/0979.svg]
[mobirise.com/extensions/depotamp/bookstore.html]
[mobirise.com/extensions/depotamp/assets/images/1080.svg]
[mobirise.com/extensions/depotamp/assets/images/mbr-1920x1184.jpg]
[mobirise.com/extensions/depotamp/assets/images/mbr-1920x1445.jpg]
[mobirise.com/extensions/depotamp/assets/images/mbr-2-1920x1280.jpg]
[mobirise.com/extensions/depotamp/assets/images/mbr-1920x1200.jpg]
[mobirise.com/extensions/depotamp/assets/images/mbr-872x667.jpg]
[mobirise.com/extensions/depotamp/assets/images/mbr-4-872x581.jpg]
[mobirise.com/extensions/depotamp/assets/images/mbr-872x569.jpg]
[mobirise.com/extensions/depotamp/assets/images/mbr-872x571.jpg]
[mobirise.com/extensions/depotamp/assets/images/mbr-618x412.jpg]
[mobirise.com/extensions/depotamp/fabricstore.html]
[mobirise.com/extensions/depotamp/assets/images/background4.jpg]
[mobirise.com/extensions/depotamp/assets/images/01.jpg]
[mobirise.com/extensions/depotamp/assets/images/02.jpg]
[mobirise.com/extensions/depotamp/assets/images/03.jpg]
[mobirise.com/extensions/depotamp/assets/images/01-610x534.jpg]
[mobirise.com/extensions/depotamp/assets/images/02-610x534.jpg]
[mobirise.com/extensions/depotamp/assets/images/03-610x534.jpg]
[mobirise.com/extensions/depotamp/assets/images/04-610x534.jpg]
[mobirise.com/extensions/depotamp/assets/images/05-610x534.jpg]
[mobirise.com/extensions/depotamp/assets/images/06-610x534.jpg]
[mobirise.com/extensions/depotamp/assets/images/07-610x534.jpg]
[mobirise.com/extensions/depotamp/assets/images/08-610x534.jpg]
[mobirise.com/extensions/depotamp/features.html]
[cdn.ampproject.org/v0/amp-carousel-0.1.js]
[mobirise.com/extensions/depotamp/assets/images/background154.jpg]
[mobirise.com/extensions/depotamp/assets/images/background20.jpg]
[mobirise.com/extensions/depotamp/assets/images/background3.jpg]
[mobirise.com/extensions/depotamp/assets/images/011.jpg]
[mobirise.com/extensions/depotamp/assets/images/022.jpg]
[mobirise.com/extensions/depotamp/assets/images/033.jpg]
[mobirise.com/extensions/depotamp/gallery.html]
[mobirise.com/extensions/depotamp/assets/images/04.jpg]
[mobirise.com/extensions/depotamp/shops.html]
[mobirise.com/extensions/depotamp/pricing.html]
[mobirise.com/extensions/depotamp/assets/images/face1.jpg]
[mobirise.com/extensions/depotamp/assets/images/face2.jpg]
[mobirise.com/extensions/depotamp/assets/images/face3.jpg]
[mobirise.com/extensions/depotamp/assets/images/1.png]
[mobirise.com/extensions/depotamp/assets/images/2.png]
[mobirise.com/extensions/depotamp/assets/images/3.png]
[mobirise.com/extensions/depotamp/assets/images/4.png]
[mobirise.com/extensions/depotamp/clients.html]
[mobirise.com/extensions/depotamp/forms.html]
[mobirise.com/extensions/depotamp/socials.html]
[mobirise.com/extensions/depotamp/assets/images/5.png]
[mobirise.com/extensions/depotamp/assets/images/01.svg]
[mobirise.com/extensions/depotamp/assets/images/02.svg]
[mobirise.com/extensions/depotamp/assets/images/03.svg]
[mobirise.com/extensions/depotamp/assets/images/04.svg]
[mobirise.com/extensions/depotamp/assets/images/05.svg]
[mobirise.com/extensions/depotamp/assets/images/06.svg]
[mobirise.com/extensions/depotamp/assets/images/07.svg]
[mobirise.com/extensions/depotamp/assets/images/08.svg]
[mobirise.com/extensions/depotamp/assets/images/09.svg]
[mobirise.com/extensions/depotamp/footers.html]
[mobirise.com/extensions/depotamp/assets/images/0167.svg]
[mobirise.com/extensions/depotamp/assets/images/0268.svg]
[mobirise.com/extensions/depotamp/assets/images/0369.svg]
[mobirise.com/extensions/depotamp/assets/images/0470.svg]
[mobirise.com/extensions/depotamp/assets/images/0571.svg]
[mobirise.com/extensions/depotamp/assets/images/0676.svg]
[mobirise.com/extensions/depotamp/assets/images/0777.svg]
[mobirise.com/extensions/depotamp/assets/images/0878.svg]
[mobirise.com/extensions/depotamp/assets/images/0979.svg]
[mobirise.com/extensions/depotamp/assets/images/1080.svg]
[mobirise.com/extensions/depotamp/assets/images/01.svg]
[mobirise.com/extensions/depotamp/assets/images/02.svg]
[mobirise.com/extensions/depotamp/assets/images/03.svg]
[mobirise.com/extensions/depotamp/assets/images/04.svg]
[mobirise.com/extensions/depotamp/assets/images/05.svg]
[mobirise.com/extensions/depotamp/assets/images/06.svg]
[mobirise.com/extensions/depotamp/assets/images/07.svg]
[mobirise.com/extensions/depotamp/assets/images/08.svg]
[mobirise.com/extensions/depotamp/assets/images/09.svg]
[mobirise.com/extensions/depotamp/assets/images/10.svg]
[mobirise.com/extensions/depotamp/assets/images/10.svg]
